{"timestamp":"2026-09-02T19:07:56.302185Z","level":"info","event":"Filling up the DagBag from /opt/airflow/dags/19.Xcom.py","logger":"airflow.models.dagbag.DagBag","filename":"dagbag.py","lineno":593}
{"timestamp":"2026-09-02T19:07:56.377210Z","level":"error","event":"Failed to import: /opt/airflow/dags/19.Xcom.py","logger":"airflow.models.dagbag.DagBag","filename":"dagbag.py","lineno":415,"error_detail":[{"exc_type":"IndentationError","exc_value":"expected an indented block after function definition on line 21 (19.Xcom.py, line 23)","exc_notes":[],"syntax_error":{"offset":5,"filename":"/opt/airflow/dags/19.Xcom.py","line":"    ","lineno":23,"msg":"expected an indented block after function definition on line 21"},"is_cause":false,"frames":[{"filename":"/home/airflow/.local/lib/python3.12/site-packages/airflow/models/dagbag.py","lineno":405,"name":"parse"},{"filename":"<frozen importlib._bootstrap_external>","lineno":995,"name":"exec_module"},{"filename":"<frozen importlib._bootstrap_external>","lineno":1133,"name":"get_code"},{"filename":"<frozen importlib._bootstrap_external>","lineno":1063,"name":"source_to_code"},{"filename":"<frozen importlib._bootstrap>","lineno":488,"name":"_call_with_frames_removed"}],"is_group":false,"exceptions":[]}]}
{"timestamp":"2026-09-02T19:08:07.605518Z","level":"info","event":"Filling up the DagBag from /opt/airflow/dags/19.Xcom.py","logger":"airflow.models.dagbag.DagBag","filename":"dagbag.py","lineno":593}
{"timestamp":"2026-09-02T19:08:09.129380Z","level":"error","event":"Failed to import: /opt/airflow/dags/19.Xcom.py","logger":"airflow.models.dagbag.DagBag","filename":"dagbag.py","lineno":415,"error_detail":[{"exc_type":"SyntaxError","exc_value":"invalid syntax (19.Xcom.py, line 21)","exc_notes":[],"syntax_error":{"offset":27,"filename":"/opt/airflow/dags/19.Xcom.py","line":"    def task_read(payload:):\n","lineno":21,"msg":"invalid syntax"},"is_cause":false,"frames":[{"filename":"/home/airflow/.local/lib/python3.12/site-packages/airflow/models/dagbag.py","lineno":405,"name":"parse"},{"filename":"<frozen importlib._bootstrap_external>","lineno":995,"name":"exec_module"},{"filename":"<frozen importlib._bootstrap_external>","lineno":1133,"name":"get_code"},{"filename":"<frozen importlib._bootstrap_external>","lineno":1063,"name":"source_to_code"},{"filename":"<frozen importlib._bootstrap>","lineno":488,"name":"_call_with_frames_removed"}],"is_group":false,"exceptions":[]}]}
{"timestamp":"2026-09-02T19:08:18.211422Z","level":"info","event":"Filling up the DagBag from /opt/airflow/dags/19.Xcom.py","logger":"airflow.models.dagbag.DagBag","filename":"dagbag.py","lineno":593}
{"timestamp":"2026-09-02T19:08:37.131151Z","level":"info","event":"Filling up the DagBag from /opt/airflow/dags/19.Xcom.py","logger":"airflow.models.dagbag.DagBag","filename":"dagbag.py","lineno":593}
{"timestamp":"2026-09-02T19:08:38.346643Z","level":"error","event":"Failed to import: /opt/airflow/dags/19.Xcom.py","logger":"airflow.models.dagbag.DagBag","filename":"dagbag.py","lineno":415,"error_detail":[{"exc_type":"SyntaxError","exc_value":"f-string: valid expression required before '}' (19.Xcom.py, line 22)","exc_notes":[],"syntax_error":{"offset":41,"filename":"/opt/airflow/dags/19.Xcom.py","line":"        print(f'Valor de retorno xcom: {}')\n","lineno":22,"msg":"f-string: valid expression required before '}'"},"is_cause":false,"frames":[{"filename":"/home/airflow/.local/lib/python3.12/site-packages/airflow/models/dagbag.py","lineno":405,"name":"parse"},{"filename":"<frozen importlib._bootstrap_external>","lineno":995,"name":"exec_module"},{"filename":"<frozen importlib._bootstrap_external>","lineno":1133,"name":"get_code"},{"filename":"<frozen importlib._bootstrap_external>","lineno":1063,"name":"source_to_code"},{"filename":"<frozen importlib._bootstrap>","lineno":488,"name":"_call_with_frames_removed"}],"is_group":false,"exceptions":[]}]}
{"timestamp":"2026-09-02T19:08:52.964352Z","level":"info","event":"Filling up the DagBag from /opt/airflow/dags/19.Xcom.py","logger":"airflow.models.dagbag.DagBag","filename":"dagbag.py","lineno":593}
{"timestamp":"2026-09-02T19:09:09.612757Z","level":"info","event":"Filling up the DagBag from /opt/airflow/dags/19.Xcom.py","logger":"airflow.models.dagbag.DagBag","filename":"dagbag.py","lineno":593}
{"timestamp":"2026-09-02T19:09:26.935447Z","level":"info","event":"Filling up the DagBag from /opt/airflow/dags/19.Xcom.py","logger":"airflow.models.dagbag.DagBag","filename":"dagbag.py","lineno":593}
{"timestamp":"2026-09-02T19:09:38.573819Z","level":"info","event":"Filling up the DagBag from /opt/airflow/dags/19.Xcom.py","logger":"airflow.models.dagbag.DagBag","filename":"dagbag.py","lineno":593}
{"timestamp":"2026-09-02T19:09:38.639056Z","level":"error","event":"Failed to import: /opt/airflow/dags/19.Xcom.py","logger":"airflow.models.dagbag.DagBag","filename":"dagbag.py","lineno":415,"error_detail":[{"exc_type":"SyntaxError","exc_value":"unterminated f-string literal (detected at line 22) (19.Xcom.py, line 22)","exc_notes":[],"syntax_error":{"offset":15,"filename":"/opt/airflow/dags/19.Xcom.py","line":"        print(f'Valor de retorno xcom: {payload[\"valorxcom1\"]}\")","lineno":22,"msg":"unterminated f-string literal (detected at line 22)"},"is_cause":false,"frames":[{"filename":"/home/airflow/.local/lib/python3.12/site-packages/airflow/models/dagbag.py","lineno":405,"name":"parse"},{"filename":"<frozen importlib._bootstrap_external>","lineno":995,"name":"exec_module"},{"filename":"<frozen importlib._bootstrap_external>","lineno":1133,"name":"get_code"},{"filename":"<frozen importlib._bootstrap_external>","lineno":1063,"name":"source_to_code"},{"filename":"<frozen importlib._bootstrap>","lineno":488,"name":"_call_with_frames_removed"}],"is_group":false,"exceptions":[]}]}
{"timestamp":"2026-09-02T19:09:47.653772Z","level":"info","event":"Filling up the DagBag from /opt/airflow/dags/19.Xcom.py","logger":"airflow.models.dagbag.DagBag","filename":"dagbag.py","lineno":593}
{"timestamp":"2026-09-02T19:10:01.361765Z","level":"info","event":"Filling up the DagBag from /opt/airflow/dags/19.Xcom.py","logger":"airflow.models.dagbag.DagBag","filename":"dagbag.py","lineno":593}
{"timestamp":"2026-09-02T19:10:14.793480Z","level":"info","event":"Filling up the DagBag from /opt/airflow/dags/19.Xcom.py","logger":"airflow.models.dagbag.DagBag","filename":"dagbag.py","lineno":593}
{"timestamp":"2026-09-02T19:10:25.715725Z","level":"info","event":"Filling up the DagBag from /opt/airflow/dags/19.Xcom.py","logger":"airflow.models.dagbag.DagBag","filename":"dagbag.py","lineno":593}
{"timestamp":"2026-09-02T19:10:38.822374Z","level":"info","event":"Filling up the DagBag from /opt/airflow/dags/19.Xcom.py","logger":"airflow.models.dagbag.DagBag","filename":"dagbag.py","lineno":593}
{"timestamp":"2026-09-02T19:10:53.285778Z","level":"info","event":"Filling up the DagBag from /opt/airflow/dags/19.Xcom.py","logger":"airflow.models.dagbag.DagBag","filename":"dagbag.py","lineno":593}
{"timestamp":"2026-09-02T19:11:09.554447Z","level":"info","event":"Filling up the DagBag from /opt/airflow/dags/19.Xcom.py","logger":"airflow.models.dagbag.DagBag","filename":"dagbag.py","lineno":593}
{"timestamp":"2026-09-02T19:11:22.211929Z","level":"info","event":"Filling up the DagBag from /opt/airflow/dags/19.Xcom.py","logger":"airflow.models.dagbag.DagBag","filename":"dagbag.py","lineno":593}
{"timestamp":"2026-09-02T19:11:40.807114Z","level":"info","event":"Filling up the DagBag from /opt/airflow/dags/19.Xcom.py","logger":"airflow.models.dagbag.DagBag","filename":"dagbag.py","lineno":593}
{"timestamp":"2026-09-02T19:11:51.097583Z","level":"info","event":"Filling up the DagBag from /opt/airflow/dags/19.Xcom.py","logger":"airflow.models.dagbag.DagBag","filename":"dagbag.py","lineno":593}
{"timestamp":"2026-09-02T19:11:58.473114Z","level":"info","event":"Filling up the DagBag from /opt/airflow/dags/19.Xcom.py","logger":"airflow.models.dagbag.DagBag","filename":"dagbag.py","lineno":593}
{"timestamp":"2026-09-02T19:12:06.829461Z","level":"info","event":"Filling up the DagBag from /opt/airflow/dags/19.Xcom.py","logger":"airflow.models.dagbag.DagBag","filename":"dagbag.py","lineno":593}
{"timestamp":"2026-09-02T19:12:17.000481Z","level":"info","event":"Filling up the DagBag from /opt/airflow/dags/19.Xcom.py","logger":"airflow.models.dagbag.DagBag","filename":"dagbag.py","lineno":593}
{"timestamp":"2026-09-02T19:12:26.257671Z","level":"info","event":"Filling up the DagBag from /opt/airflow/dags/19.Xcom.py","logger":"airflow.models.dagbag.DagBag","filename":"dagbag.py","lineno":593}
{"timestamp":"2026-09-02T19:12:38.086305Z","level":"info","event":"Filling up the DagBag from /opt/airflow/dags/19.Xcom.py","logger":"airflow.models.dagbag.DagBag","filename":"dagbag.py","lineno":593}
{"timestamp":"2026-09-02T19:12:47.740098Z","level":"info","event":"Filling up the DagBag from /opt/airflow/dags/19.Xcom.py","logger":"airflow.models.dagbag.DagBag","filename":"dagbag.py","lineno":593}
{"timestamp":"2026-09-02T19:12:56.635303Z","level":"info","event":"Filling up the DagBag from /opt/airflow/dags/19.Xcom.py","logger":"airflow.models.dagbag.DagBag","filename":"dagbag.py","lineno":593}
{"timestamp":"2026-09-02T19:13:04.841606Z","level":"info","event":"Filling up the DagBag from /opt/airflow/dags/19.Xcom.py","logger":"airflow.models.dagbag.DagBag","filename":"dagbag.py","lineno":593}
{"timestamp":"2026-09-02T19:13:14.852990Z","level":"info","event":"Filling up the DagBag from /opt/airflow/dags/19.Xcom.py","logger":"airflow.models.dagbag.DagBag","filename":"dagbag.py","lineno":593}
{"timestamp":"2026-09-02T19:13:37.469047Z","level":"info","event":"Filling up the DagBag from /opt/airflow/dags/19.Xcom.py","logger":"airflow.models.dagbag.DagBag","filename":"dagbag.py","lineno":593}
{"timestamp":"2026-09-02T19:13:49.006042Z","level":"info","event":"Filling up the DagBag from /opt/airflow/dags/19.Xcom.py","logger":"airflow.models.dagbag.DagBag","filename":"dagbag.py","lineno":593}
{"timestamp":"2026-09-02T19:13:51.989239Z","level":"info","event":"Filling up the DagBag from /opt/airflow/dags/19.Xcom.py","logger":"airflow.models.dagbag.DagBag","filename":"dagbag.py","lineno":593}
{"timestamp":"2026-09-02T19:13:53.123227Z","level":"info","event":"Filling up the DagBag from /opt/airflow/dags/19.Xcom.py","logger":"airflow.models.dagbag.DagBag","filename":"dagbag.py","lineno":593}
{"timestamp":"2026-09-02T19:14:05.552333Z","level":"info","event":"Filling up the DagBag from /opt/airflow/dags/19.Xcom.py","logger":"airflow.models.dagbag.DagBag","filename":"dagbag.py","lineno":593}
{"timestamp":"2026-09-02T19:14:15.034178Z","level":"info","event":"Filling up the DagBag from /opt/airflow/dags/19.Xcom.py","logger":"airflow.models.dagbag.DagBag","filename":"dagbag.py","lineno":593}
{"timestamp":"2026-09-02T19:14:16.519246Z","level":"info","event":"Filling up the DagBag from /opt/airflow/dags/19.Xcom.py","logger":"airflow.models.dagbag.DagBag","filename":"dagbag.py","lineno":593}
{"timestamp":"2026-09-02T19:14:18.977342Z","level":"info","event":"Filling up the DagBag from /opt/airflow/dags/19.Xcom.py","logger":"airflow.models.dagbag.DagBag","filename":"dagbag.py","lineno":593}
{"timestamp":"2026-09-02T19:14:20.206485Z","level":"info","event":"Filling up the DagBag from /opt/airflow/dags/19.Xcom.py","logger":"airflow.models.dagbag.DagBag","filename":"dagbag.py","lineno":593}
{"timestamp":"2026-09-02T19:14:24.947061Z","level":"info","event":"Filling up the DagBag from /opt/airflow/dags/19.Xcom.py","logger":"airflow.models.dagbag.DagBag","filename":"dagbag.py","lineno":593}
{"timestamp":"2026-09-02T19:14:25.812305Z","level":"info","event":"Filling up the DagBag from /opt/airflow/dags/19.Xcom.py","logger":"airflow.models.dagbag.DagBag","filename":"dagbag.py","lineno":593}
{"timestamp":"2026-09-02T19:14:30.407892Z","level":"info","event":"Filling up the DagBag from /opt/airflow/dags/19.Xcom.py","logger":"airflow.models.dagbag.DagBag","filename":"dagbag.py","lineno":593}
{"timestamp":"2026-09-02T19:14:36.814538Z","level":"info","event":"Filling up the DagBag from /opt/airflow/dags/19.Xcom.py","logger":"airflow.models.dagbag.DagBag","filename":"dagbag.py","lineno":593}
{"timestamp":"2026-09-02T19:14:42.278713Z","level":"info","event":"Filling up the DagBag from /opt/airflow/dags/19.Xcom.py","logger":"airflow.models.dagbag.DagBag","filename":"dagbag.py","lineno":593}
{"timestamp":"2026-09-02T19:14:52.235342Z","level":"info","event":"Filling up the DagBag from /opt/airflow/dags/19.Xcom.py","logger":"airflow.models.dagbag.DagBag","filename":"dagbag.py","lineno":593}
{"timestamp":"2026-09-02T19:14:54.785257Z","level":"info","event":"Filling up the DagBag from /opt/airflow/dags/19.Xcom.py","logger":"airflow.models.dagbag.DagBag","filename":"dagbag.py","lineno":593}
{"timestamp":"2026-09-02T19:15:05.718374Z","level":"info","event":"Filling up the DagBag from /opt/airflow/dags/19.Xcom.py","logger":"airflow.models.dagbag.DagBag","filename":"dagbag.py","lineno":593}
{"timestamp":"2026-09-02T19:15:16.096790Z","level":"info","event":"Filling up the DagBag from /opt/airflow/dags/19.Xcom.py","logger":"airflow.models.dagbag.DagBag","filename":"dagbag.py","lineno":593}
{"timestamp":"2026-09-02T19:15:18.568137Z","level":"info","event":"Filling up the DagBag from /opt/airflow/dags/19.Xcom.py","logger":"airflow.models.dagbag.DagBag","filename":"dagbag.py","lineno":593}
{"timestamp":"2026-09-02T19:15:19.653960Z","level":"info","event":"Filling up the DagBag from /opt/airflow/dags/19.Xcom.py","logger":"airflow.models.dagbag.DagBag","filename":"dagbag.py","lineno":593}
{"timestamp":"2026-09-02T19:15:26.545901Z","level":"info","event":"Filling up the DagBag from /opt/airflow/dags/19.Xcom.py","logger":"airflow.models.dagbag.DagBag","filename":"dagbag.py","lineno":593}
{"timestamp":"2026-09-02T19:15:30.304391Z","level":"info","event":"Filling up the DagBag from /opt/airflow/dags/19.Xcom.py","logger":"airflow.models.dagbag.DagBag","filename":"dagbag.py","lineno":593}
{"timestamp":"2026-09-02T19:15:35.444098Z","level":"info","event":"Filling up the DagBag from /opt/airflow/dags/19.Xcom.py","logger":"airflow.models.dagbag.DagBag","filename":"dagbag.py","lineno":593}
{"timestamp":"2026-09-02T19:15:43.893476Z","level":"info","event":"Filling up the DagBag from /opt/airflow/dags/19.Xcom.py","logger":"airflow.models.dagbag.DagBag","filename":"dagbag.py","lineno":593}
{"timestamp":"2026-09-02T19:15:46.484310Z","level":"info","event":"Filling up the DagBag from /opt/airflow/dags/19.Xcom.py","logger":"airflow.models.dagbag.DagBag","filename":"dagbag.py","lineno":593}
{"timestamp":"2026-09-02T19:15:51.432354Z","level":"info","event":"Filling up the DagBag from /opt/airflow/dags/19.Xcom.py","logger":"airflow.models.dagbag.DagBag","filename":"dagbag.py","lineno":593}
{"timestamp":"2026-09-02T19:15:53.259957Z","level":"info","event":"Filling up the DagBag from /opt/airflow/dags/19.Xcom.py","logger":"airflow.models.dagbag.DagBag","filename":"dagbag.py","lineno":593}
{"timestamp":"2026-09-02T19:15:59.294829Z","level":"info","event":"Filling up the DagBag from /opt/airflow/dags/19.Xcom.py","logger":"airflow.models.dagbag.DagBag","filename":"dagbag.py","lineno":593}
{"timestamp":"2026-09-02T19:16:01.426846Z","level":"info","event":"Filling up the DagBag from /opt/airflow/dags/19.Xcom.py","logger":"airflow.models.dagbag.DagBag","filename":"dagbag.py","lineno":593}
{"timestamp":"2026-09-02T19:16:12.267805Z","level":"info","event":"Filling up the DagBag from /opt/airflow/dags/19.Xcom.py","logger":"airflow.models.dagbag.DagBag","filename":"dagbag.py","lineno":593}
{"timestamp":"2026-09-02T19:16:27.038794Z","level":"info","event":"Filling up the DagBag from /opt/airflow/dags/19.Xcom.py","logger":"airflow.models.dagbag.DagBag","filename":"dagbag.py","lineno":593}
{"timestamp":"2026-09-02T19:16:41.683140Z","level":"info","event":"Filling up the DagBag from /opt/airflow/dags/19.Xcom.py","logger":"airflow.models.dagbag.DagBag","filename":"dagbag.py","lineno":593}
{"timestamp":"2026-09-02T19:16:43.641807Z","level":"info","event":"Filling up the DagBag from /opt/airflow/dags/19.Xcom.py","logger":"airflow.models.dagbag.DagBag","filename":"dagbag.py","lineno":593}
{"timestamp":"2026-09-02T19:16:50.357017Z","level":"info","event":"Filling up the DagBag from /opt/airflow/dags/19.Xcom.py","logger":"airflow.models.dagbag.DagBag","filename":"dagbag.py","lineno":593}
{"timestamp":"2026-09-02T19:16:52.074234Z","level":"info","event":"Filling up the DagBag from /opt/airflow/dags/19.Xcom.py","logger":"airflow.models.dagbag.DagBag","filename":"dagbag.py","lineno":593}
{"timestamp":"2026-09-02T19:16:56.370377Z","level":"info","event":"Filling up the DagBag from /opt/airflow/dags/19.Xcom.py","logger":"airflow.models.dagbag.DagBag","filename":"dagbag.py","lineno":593}
{"timestamp":"2026-09-02T19:16:57.786677Z","level":"info","event":"Filling up the DagBag from /opt/airflow/dags/19.Xcom.py","logger":"airflow.models.dagbag.DagBag","filename":"dagbag.py","lineno":593}
{"timestamp":"2026-09-02T19:17:03.377939Z","level":"info","event":"Filling up the DagBag from /opt/airflow/dags/19.Xcom.py","logger":"airflow.models.dagbag.DagBag","filename":"dagbag.py","lineno":593}
{"timestamp":"2026-09-02T19:17:05.217872Z","level":"info","event":"Filling up the DagBag from /opt/airflow/dags/19.Xcom.py","logger":"airflow.models.dagbag.DagBag","filename":"dagbag.py","lineno":593}
{"timestamp":"2026-09-02T19:17:09.507201Z","level":"info","event":"Filling up the DagBag from /opt/airflow/dags/19.Xcom.py","logger":"airflow.models.dagbag.DagBag","filename":"dagbag.py","lineno":593}
{"timestamp":"2026-09-02T19:17:16.906933Z","level":"info","event":"Filling up the DagBag from /opt/airflow/dags/19.Xcom.py","logger":"airflow.models.dagbag.DagBag","filename":"dagbag.py","lineno":593}
{"timestamp":"2026-09-02T19:17:20.135352Z","level":"info","event":"Filling up the DagBag from /opt/airflow/dags/19.Xcom.py","logger":"airflow.models.dagbag.DagBag","filename":"dagbag.py","lineno":593}
{"timestamp":"2026-09-02T19:17:24.218871Z","level":"info","event":"Filling up the DagBag from /opt/airflow/dags/19.Xcom.py","logger":"airflow.models.dagbag.DagBag","filename":"dagbag.py","lineno":593}
{"timestamp":"2026-09-02T19:17:27.399002Z","level":"info","event":"Filling up the DagBag from /opt/airflow/dags/19.Xcom.py","logger":"airflow.models.dagbag.DagBag","filename":"dagbag.py","lineno":593}
{"timestamp":"2026-09-02T19:17:31.252426Z","level":"info","event":"Filling up the DagBag from /opt/airflow/dags/19.Xcom.py","logger":"airflow.models.dagbag.DagBag","filename":"dagbag.py","lineno":593}
{"timestamp":"2026-09-02T19:17:36.099571Z","level":"info","event":"Filling up the DagBag from /opt/airflow/dags/19.Xcom.py","logger":"airflow.models.dagbag.DagBag","filename":"dagbag.py","lineno":593}
{"timestamp":"2026-09-02T19:17:36.813975Z","level":"info","event":"Filling up the DagBag from /opt/airflow/dags/19.Xcom.py","logger":"airflow.models.dagbag.DagBag","filename":"dagbag.py","lineno":593}
{"timestamp":"2026-09-02T19:17:39.140274Z","level":"info","event":"Filling up the DagBag from /opt/airflow/dags/19.Xcom.py","logger":"airflow.models.dagbag.DagBag","filename":"dagbag.py","lineno":593}
{"timestamp":"2026-09-02T19:17:40.061179Z","level":"info","event":"Filling up the DagBag from /opt/airflow/dags/19.Xcom.py","logger":"airflow.models.dagbag.DagBag","filename":"dagbag.py","lineno":593}
{"timestamp":"2026-09-02T19:17:41.603262Z","level":"info","event":"Filling up the DagBag from /opt/airflow/dags/19.Xcom.py","logger":"airflow.models.dagbag.DagBag","filename":"dagbag.py","lineno":593}
{"timestamp":"2026-09-02T19:17:42.515249Z","level":"info","event":"Filling up the DagBag from /opt/airflow/dags/19.Xcom.py","logger":"airflow.models.dagbag.DagBag","filename":"dagbag.py","lineno":593}
{"timestamp":"2026-09-02T19:17:43.742250Z","level":"info","event":"Filling up the DagBag from /opt/airflow/dags/19.Xcom.py","logger":"airflow.models.dagbag.DagBag","filename":"dagbag.py","lineno":593}
{"timestamp":"2026-09-02T19:17:46.029918Z","level":"info","event":"Filling up the DagBag from /opt/airflow/dags/19.Xcom.py","logger":"airflow.models.dagbag.DagBag","filename":"dagbag.py","lineno":593}
{"timestamp":"2026-09-02T19:17:48.173677Z","level":"info","event":"Filling up the DagBag from /opt/airflow/dags/19.Xcom.py","logger":"airflow.models.dagbag.DagBag","filename":"dagbag.py","lineno":593}
{"timestamp":"2026-09-02T19:17:50.022054Z","level":"info","event":"Filling up the DagBag from /opt/airflow/dags/19.Xcom.py","logger":"airflow.models.dagbag.DagBag","filename":"dagbag.py","lineno":593}
{"timestamp":"2026-09-02T19:17:54.951898Z","level":"info","event":"Filling up the DagBag from /opt/airflow/dags/19.Xcom.py","logger":"airflow.models.dagbag.DagBag","filename":"dagbag.py","lineno":593}
{"timestamp":"2026-09-02T19:17:57.906889Z","level":"info","event":"Filling up the DagBag from /opt/airflow/dags/19.Xcom.py","logger":"airflow.models.dagbag.DagBag","filename":"dagbag.py","lineno":593}
{"timestamp":"2026-09-02T19:17:59.784643Z","level":"info","event":"Filling up the DagBag from /opt/airflow/dags/19.Xcom.py","logger":"airflow.models.dagbag.DagBag","filename":"dagbag.py","lineno":593}
{"timestamp":"2026-09-02T19:18:00.664638Z","level":"info","event":"Filling up the DagBag from /opt/airflow/dags/19.Xcom.py","logger":"airflow.models.dagbag.DagBag","filename":"dagbag.py","lineno":593}
