{"timestamp":"2026-09-02T14:25:22.217818Z","level":"info","event":"Filling up the DagBag from /opt/airflow/dags/2.SegundaDag.py","logger":"airflow.models.dagbag.DagBag","filename":"dagbag.py","lineno":593}
{"timestamp":"2026-09-02T14:25:22.432997Z","level":"warning","event":"The `airflow.operators.bash.BashOperator` attribute is deprecated. Please use `'airflow.providers.standard.operators.bash.BashOperator'`.","category":"DeprecatedImportWarning","filename":"/opt/airflow/dags/2.SegundaDag.py","lineno":3,"logger":"py.warnings"}
{"timestamp":"2026-09-02T14:25:28.283179Z","level":"info","event":"Filling up the DagBag from /opt/airflow/dags/2.SegundaDag.py","logger":"airflow.models.dagbag.DagBag","filename":"dagbag.py","lineno":593}
{"timestamp":"2026-09-02T14:25:28.645728Z","level":"warning","event":"The `airflow.operators.bash.BashOperator` attribute is deprecated. Please use `'airflow.providers.standard.operators.bash.BashOperator'`.","category":"DeprecatedImportWarning","filename":"/opt/airflow/dags/2.SegundaDag.py","lineno":3,"logger":"py.warnings"}
{"timestamp":"2026-09-02T14:25:38.582947Z","level":"info","event":"Filling up the DagBag from /opt/airflow/dags/2.SegundaDag.py","logger":"airflow.models.dagbag.DagBag","filename":"dagbag.py","lineno":593}
{"timestamp":"2026-09-02T14:25:39.341617Z","level":"warning","event":"The `airflow.operators.bash.BashOperator` attribute is deprecated. Please use `'airflow.providers.standard.operators.bash.BashOperator'`.","category":"DeprecatedImportWarning","filename":"/opt/airflow/dags/2.SegundaDag.py","lineno":3,"logger":"py.warnings"}
{"timestamp":"2026-09-02T14:25:45.748036Z","level":"info","event":"Filling up the DagBag from /opt/airflow/dags/2.SegundaDag.py","logger":"airflow.models.dagbag.DagBag","filename":"dagbag.py","lineno":593}
{"timestamp":"2026-09-02T14:25:45.900359Z","level":"warning","event":"The `airflow.operators.bash.BashOperator` attribute is deprecated. Please use `'airflow.providers.standard.operators.bash.BashOperator'`.","category":"DeprecatedImportWarning","filename":"/opt/airflow/dags/2.SegundaDag.py","lineno":3,"logger":"py.warnings"}
{"timestamp":"2026-09-02T14:25:51.760859Z","level":"info","event":"Filling up the DagBag from /opt/airflow/dags/2.SegundaDag.py","logger":"airflow.models.dagbag.DagBag","filename":"dagbag.py","lineno":593}
{"timestamp":"2026-09-02T14:25:52.135065Z","level":"warning","event":"The `airflow.operators.bash.BashOperator` attribute is deprecated. Please use `'airflow.providers.standard.operators.bash.BashOperator'`.","category":"DeprecatedImportWarning","filename":"/opt/airflow/dags/2.SegundaDag.py","lineno":3,"logger":"py.warnings"}
{"timestamp":"2026-09-02T14:25:58.104266Z","level":"info","event":"Filling up the DagBag from /opt/airflow/dags/2.SegundaDag.py","logger":"airflow.models.dagbag.DagBag","filename":"dagbag.py","lineno":593}
{"timestamp":"2026-09-02T14:25:58.208588Z","level":"warning","event":"The `airflow.operators.bash.BashOperator` attribute is deprecated. Please use `'airflow.providers.standard.operators.bash.BashOperator'`.","category":"DeprecatedImportWarning","filename":"/opt/airflow/dags/2.SegundaDag.py","lineno":3,"logger":"py.warnings"}
{"timestamp":"2026-09-02T14:26:04.721197Z","level":"info","event":"Filling up the DagBag from /opt/airflow/dags/2.SegundaDag.py","logger":"airflow.models.dagbag.DagBag","filename":"dagbag.py","lineno":593}
{"timestamp":"2026-09-02T14:26:04.853752Z","level":"warning","event":"The `airflow.operators.bash.BashOperator` attribute is deprecated. Please use `'airflow.providers.standard.operators.bash.BashOperator'`.","category":"DeprecatedImportWarning","filename":"/opt/airflow/dags/2.SegundaDag.py","lineno":3,"logger":"py.warnings"}
{"timestamp":"2026-09-02T14:26:11.824468Z","level":"info","event":"Filling up the DagBag from /opt/airflow/dags/2.SegundaDag.py","logger":"airflow.models.dagbag.DagBag","filename":"dagbag.py","lineno":593}
{"timestamp":"2026-09-02T14:26:12.048674Z","level":"warning","event":"The `airflow.operators.bash.BashOperator` attribute is deprecated. Please use `'airflow.providers.standard.operators.bash.BashOperator'`.","category":"DeprecatedImportWarning","filename":"/opt/airflow/dags/2.SegundaDag.py","lineno":3,"logger":"py.warnings"}
{"timestamp":"2026-09-02T14:26:18.174202Z","level":"info","event":"Filling up the DagBag from /opt/airflow/dags/2.SegundaDag.py","logger":"airflow.models.dagbag.DagBag","filename":"dagbag.py","lineno":593}
{"timestamp":"2026-09-02T14:26:18.269392Z","level":"warning","event":"The `airflow.operators.bash.BashOperator` attribute is deprecated. Please use `'airflow.providers.standard.operators.bash.BashOperator'`.","category":"DeprecatedImportWarning","filename":"/opt/airflow/dags/2.SegundaDag.py","lineno":3,"logger":"py.warnings"}
{"timestamp":"2026-09-02T14:26:24.263054Z","level":"info","event":"Filling up the DagBag from /opt/airflow/dags/2.SegundaDag.py","logger":"airflow.models.dagbag.DagBag","filename":"dagbag.py","lineno":593}
{"timestamp":"2026-09-02T14:26:24.600144Z","level":"warning","event":"The `airflow.operators.bash.BashOperator` attribute is deprecated. Please use `'airflow.providers.standard.operators.bash.BashOperator'`.","category":"DeprecatedImportWarning","filename":"/opt/airflow/dags/2.SegundaDag.py","lineno":3,"logger":"py.warnings"}
{"timestamp":"2026-09-02T14:26:30.801495Z","level":"info","event":"Filling up the DagBag from /opt/airflow/dags/2.SegundaDag.py","logger":"airflow.models.dagbag.DagBag","filename":"dagbag.py","lineno":593}
{"timestamp":"2026-09-02T14:26:31.033561Z","level":"warning","event":"The `airflow.operators.bash.BashOperator` attribute is deprecated. Please use `'airflow.providers.standard.operators.bash.BashOperator'`.","category":"DeprecatedImportWarning","filename":"/opt/airflow/dags/2.SegundaDag.py","lineno":3,"logger":"py.warnings"}
{"timestamp":"2026-09-02T14:26:37.275905Z","level":"info","event":"Filling up the DagBag from /opt/airflow/dags/2.SegundaDag.py","logger":"airflow.models.dagbag.DagBag","filename":"dagbag.py","lineno":593}
{"timestamp":"2026-09-02T14:26:37.482559Z","level":"warning","event":"The `airflow.operators.bash.BashOperator` attribute is deprecated. Please use `'airflow.providers.standard.operators.bash.BashOperator'`.","category":"DeprecatedImportWarning","filename":"/opt/airflow/dags/2.SegundaDag.py","lineno":3,"logger":"py.warnings"}
{"timestamp":"2026-09-02T14:26:43.388349Z","level":"info","event":"Filling up the DagBag from /opt/airflow/dags/2.SegundaDag.py","logger":"airflow.models.dagbag.DagBag","filename":"dagbag.py","lineno":593}
{"timestamp":"2026-09-02T14:26:43.501700Z","level":"warning","event":"The `airflow.operators.bash.BashOperator` attribute is deprecated. Please use `'airflow.providers.standard.operators.bash.BashOperator'`.","category":"DeprecatedImportWarning","filename":"/opt/airflow/dags/2.SegundaDag.py","lineno":3,"logger":"py.warnings"}
{"timestamp":"2026-09-02T14:26:49.528212Z","level":"info","event":"Filling up the DagBag from /opt/airflow/dags/2.SegundaDag.py","logger":"airflow.models.dagbag.DagBag","filename":"dagbag.py","lineno":593}
{"timestamp":"2026-09-02T14:26:49.627376Z","level":"warning","event":"The `airflow.operators.bash.BashOperator` attribute is deprecated. Please use `'airflow.providers.standard.operators.bash.BashOperator'`.","category":"DeprecatedImportWarning","filename":"/opt/airflow/dags/2.SegundaDag.py","lineno":3,"logger":"py.warnings"}
{"timestamp":"2026-09-02T14:26:56.594270Z","level":"info","event":"Filling up the DagBag from /opt/airflow/dags/2.SegundaDag.py","logger":"airflow.models.dagbag.DagBag","filename":"dagbag.py","lineno":593}
{"timestamp":"2026-09-02T14:26:57.023654Z","level":"warning","event":"The `airflow.operators.bash.BashOperator` attribute is deprecated. Please use `'airflow.providers.standard.operators.bash.BashOperator'`.","category":"DeprecatedImportWarning","filename":"/opt/airflow/dags/2.SegundaDag.py","lineno":3,"logger":"py.warnings"}
{"timestamp":"2026-09-02T14:27:06.846480Z","level":"info","event":"Filling up the DagBag from /opt/airflow/dags/2.SegundaDag.py","logger":"airflow.models.dagbag.DagBag","filename":"dagbag.py","lineno":593}
{"timestamp":"2026-09-02T14:27:07.072494Z","level":"warning","event":"The `airflow.operators.bash.BashOperator` attribute is deprecated. Please use `'airflow.providers.standard.operators.bash.BashOperator'`.","category":"DeprecatedImportWarning","filename":"/opt/airflow/dags/2.SegundaDag.py","lineno":3,"logger":"py.warnings"}
{"timestamp":"2026-09-02T14:27:16.006568Z","level":"info","event":"Filling up the DagBag from /opt/airflow/dags/2.SegundaDag.py","logger":"airflow.models.dagbag.DagBag","filename":"dagbag.py","lineno":593}
{"timestamp":"2026-09-02T14:27:16.263814Z","level":"warning","event":"The `airflow.operators.bash.BashOperator` attribute is deprecated. Please use `'airflow.providers.standard.operators.bash.BashOperator'`.","category":"DeprecatedImportWarning","filename":"/opt/airflow/dags/2.SegundaDag.py","lineno":3,"logger":"py.warnings"}
{"timestamp":"2026-09-02T14:27:28.271708Z","level":"info","event":"Filling up the DagBag from /opt/airflow/dags/2.SegundaDag.py","logger":"airflow.models.dagbag.DagBag","filename":"dagbag.py","lineno":593}
{"timestamp":"2026-09-02T14:27:31.485547Z","level":"warning","event":"The `airflow.operators.bash.BashOperator` attribute is deprecated. Please use `'airflow.providers.standard.operators.bash.BashOperator'`.","category":"DeprecatedImportWarning","filename":"/opt/airflow/dags/2.SegundaDag.py","lineno":3,"logger":"py.warnings"}
{"timestamp":"2026-09-02T14:27:39.277617Z","level":"info","event":"Filling up the DagBag from /opt/airflow/dags/2.SegundaDag.py","logger":"airflow.models.dagbag.DagBag","filename":"dagbag.py","lineno":593}
{"timestamp":"2026-09-02T14:27:41.287621Z","level":"warning","event":"The `airflow.operators.bash.BashOperator` attribute is deprecated. Please use `'airflow.providers.standard.operators.bash.BashOperator'`.","category":"DeprecatedImportWarning","filename":"/opt/airflow/dags/2.SegundaDag.py","lineno":3,"logger":"py.warnings"}
{"timestamp":"2026-09-02T14:27:47.883653Z","level":"info","event":"Filling up the DagBag from /opt/airflow/dags/2.SegundaDag.py","logger":"airflow.models.dagbag.DagBag","filename":"dagbag.py","lineno":593}
{"timestamp":"2026-09-02T14:27:48.606494Z","level":"warning","event":"The `airflow.operators.bash.BashOperator` attribute is deprecated. Please use `'airflow.providers.standard.operators.bash.BashOperator'`.","category":"DeprecatedImportWarning","filename":"/opt/airflow/dags/2.SegundaDag.py","lineno":3,"logger":"py.warnings"}
{"timestamp":"2026-09-02T14:27:55.152212Z","level":"info","event":"Filling up the DagBag from /opt/airflow/dags/2.SegundaDag.py","logger":"airflow.models.dagbag.DagBag","filename":"dagbag.py","lineno":593}
{"timestamp":"2026-09-02T14:27:55.228495Z","level":"warning","event":"The `airflow.operators.bash.BashOperator` attribute is deprecated. Please use `'airflow.providers.standard.operators.bash.BashOperator'`.","category":"DeprecatedImportWarning","filename":"/opt/airflow/dags/2.SegundaDag.py","lineno":3,"logger":"py.warnings"}
{"timestamp":"2026-09-02T14:28:01.602255Z","level":"info","event":"Filling up the DagBag from /opt/airflow/dags/2.SegundaDag.py","logger":"airflow.models.dagbag.DagBag","filename":"dagbag.py","lineno":593}
{"timestamp":"2026-09-02T14:28:02.024108Z","level":"warning","event":"The `airflow.operators.bash.BashOperator` attribute is deprecated. Please use `'airflow.providers.standard.operators.bash.BashOperator'`.","category":"DeprecatedImportWarning","filename":"/opt/airflow/dags/2.SegundaDag.py","lineno":3,"logger":"py.warnings"}
{"timestamp":"2026-09-02T14:28:09.350248Z","level":"info","event":"Filling up the DagBag from /opt/airflow/dags/2.SegundaDag.py","logger":"airflow.models.dagbag.DagBag","filename":"dagbag.py","lineno":593}
{"timestamp":"2026-09-02T14:28:09.449804Z","level":"warning","event":"The `airflow.operators.bash.BashOperator` attribute is deprecated. Please use `'airflow.providers.standard.operators.bash.BashOperator'`.","category":"DeprecatedImportWarning","filename":"/opt/airflow/dags/2.SegundaDag.py","lineno":3,"logger":"py.warnings"}
{"timestamp":"2026-09-02T14:28:16.154212Z","level":"info","event":"Filling up the DagBag from /opt/airflow/dags/2.SegundaDag.py","logger":"airflow.models.dagbag.DagBag","filename":"dagbag.py","lineno":593}
{"timestamp":"2026-09-02T14:28:17.615959Z","level":"warning","event":"The `airflow.operators.bash.BashOperator` attribute is deprecated. Please use `'airflow.providers.standard.operators.bash.BashOperator'`.","category":"DeprecatedImportWarning","filename":"/opt/airflow/dags/2.SegundaDag.py","lineno":3,"logger":"py.warnings"}
{"timestamp":"2026-09-02T14:28:27.906732Z","level":"info","event":"Filling up the DagBag from /opt/airflow/dags/2.SegundaDag.py","logger":"airflow.models.dagbag.DagBag","filename":"dagbag.py","lineno":593}
{"timestamp":"2026-09-02T14:28:28.765081Z","level":"warning","event":"The `airflow.operators.bash.BashOperator` attribute is deprecated. Please use `'airflow.providers.standard.operators.bash.BashOperator'`.","category":"DeprecatedImportWarning","filename":"/opt/airflow/dags/2.SegundaDag.py","lineno":3,"logger":"py.warnings"}
{"timestamp":"2026-09-02T14:28:38.657349Z","level":"info","event":"Filling up the DagBag from /opt/airflow/dags/2.SegundaDag.py","logger":"airflow.models.dagbag.DagBag","filename":"dagbag.py","lineno":593}
{"timestamp":"2026-09-02T14:28:39.483918Z","level":"warning","event":"The `airflow.operators.bash.BashOperator` attribute is deprecated. Please use `'airflow.providers.standard.operators.bash.BashOperator'`.","category":"DeprecatedImportWarning","filename":"/opt/airflow/dags/2.SegundaDag.py","lineno":3,"logger":"py.warnings"}
{"timestamp":"2026-09-02T14:28:45.743188Z","level":"info","event":"Filling up the DagBag from /opt/airflow/dags/2.SegundaDag.py","logger":"airflow.models.dagbag.DagBag","filename":"dagbag.py","lineno":593}
{"timestamp":"2026-09-02T14:28:46.031587Z","level":"warning","event":"The `airflow.operators.bash.BashOperator` attribute is deprecated. Please use `'airflow.providers.standard.operators.bash.BashOperator'`.","category":"DeprecatedImportWarning","filename":"/opt/airflow/dags/2.SegundaDag.py","lineno":3,"logger":"py.warnings"}
{"timestamp":"2026-09-02T14:28:52.622792Z","level":"info","event":"Filling up the DagBag from /opt/airflow/dags/2.SegundaDag.py","logger":"airflow.models.dagbag.DagBag","filename":"dagbag.py","lineno":593}
{"timestamp":"2026-09-02T14:28:55.304706Z","level":"warning","event":"The `airflow.operators.bash.BashOperator` attribute is deprecated. Please use `'airflow.providers.standard.operators.bash.BashOperator'`.","category":"DeprecatedImportWarning","filename":"/opt/airflow/dags/2.SegundaDag.py","lineno":3,"logger":"py.warnings"}
{"timestamp":"2026-09-02T14:29:04.182810Z","level":"info","event":"Filling up the DagBag from /opt/airflow/dags/2.SegundaDag.py","logger":"airflow.models.dagbag.DagBag","filename":"dagbag.py","lineno":593}
{"timestamp":"2026-09-02T14:29:04.669698Z","level":"warning","event":"The `airflow.operators.bash.BashOperator` attribute is deprecated. Please use `'airflow.providers.standard.operators.bash.BashOperator'`.","category":"DeprecatedImportWarning","filename":"/opt/airflow/dags/2.SegundaDag.py","lineno":3,"logger":"py.warnings"}
{"timestamp":"2026-09-02T14:29:11.888263Z","level":"info","event":"Filling up the DagBag from /opt/airflow/dags/2.SegundaDag.py","logger":"airflow.models.dagbag.DagBag","filename":"dagbag.py","lineno":593}
{"timestamp":"2026-09-02T14:29:12.171323Z","level":"warning","event":"The `airflow.operators.bash.BashOperator` attribute is deprecated. Please use `'airflow.providers.standard.operators.bash.BashOperator'`.","category":"DeprecatedImportWarning","filename":"/opt/airflow/dags/2.SegundaDag.py","lineno":3,"logger":"py.warnings"}
{"timestamp":"2026-09-02T14:29:18.149079Z","level":"info","event":"Filling up the DagBag from /opt/airflow/dags/2.SegundaDag.py","logger":"airflow.models.dagbag.DagBag","filename":"dagbag.py","lineno":593}
{"timestamp":"2026-09-02T14:29:20.099826Z","level":"warning","event":"The `airflow.operators.bash.BashOperator` attribute is deprecated. Please use `'airflow.providers.standard.operators.bash.BashOperator'`.","category":"DeprecatedImportWarning","filename":"/opt/airflow/dags/2.SegundaDag.py","lineno":3,"logger":"py.warnings"}
{"timestamp":"2026-09-02T14:29:27.074222Z","level":"info","event":"Filling up the DagBag from /opt/airflow/dags/2.SegundaDag.py","logger":"airflow.models.dagbag.DagBag","filename":"dagbag.py","lineno":593}
{"timestamp":"2026-09-02T14:29:27.200466Z","level":"warning","event":"The `airflow.operators.bash.BashOperator` attribute is deprecated. Please use `'airflow.providers.standard.operators.bash.BashOperator'`.","category":"DeprecatedImportWarning","filename":"/opt/airflow/dags/2.SegundaDag.py","lineno":3,"logger":"py.warnings"}
{"timestamp":"2026-09-02T14:29:33.626698Z","level":"info","event":"Filling up the DagBag from /opt/airflow/dags/2.SegundaDag.py","logger":"airflow.models.dagbag.DagBag","filename":"dagbag.py","lineno":593}
{"timestamp":"2026-09-02T14:29:34.085711Z","level":"warning","event":"The `airflow.operators.bash.BashOperator` attribute is deprecated. Please use `'airflow.providers.standard.operators.bash.BashOperator'`.","category":"DeprecatedImportWarning","filename":"/opt/airflow/dags/2.SegundaDag.py","lineno":3,"logger":"py.warnings"}
{"timestamp":"2026-09-02T14:29:40.610803Z","level":"info","event":"Filling up the DagBag from /opt/airflow/dags/2.SegundaDag.py","logger":"airflow.models.dagbag.DagBag","filename":"dagbag.py","lineno":593}
{"timestamp":"2026-09-02T14:29:40.724489Z","level":"warning","event":"The `airflow.operators.bash.BashOperator` attribute is deprecated. Please use `'airflow.providers.standard.operators.bash.BashOperator'`.","category":"DeprecatedImportWarning","filename":"/opt/airflow/dags/2.SegundaDag.py","lineno":3,"logger":"py.warnings"}
{"timestamp":"2026-09-02T14:29:46.207048Z","level":"info","event":"Filling up the DagBag from /opt/airflow/dags/2.SegundaDag.py","logger":"airflow.models.dagbag.DagBag","filename":"dagbag.py","lineno":593}
{"timestamp":"2026-09-02T14:29:46.284089Z","level":"warning","event":"The `airflow.operators.bash.BashOperator` attribute is deprecated. Please use `'airflow.providers.standard.operators.bash.BashOperator'`.","category":"DeprecatedImportWarning","filename":"/opt/airflow/dags/2.SegundaDag.py","lineno":3,"logger":"py.warnings"}
{"timestamp":"2026-09-02T14:29:51.713614Z","level":"info","event":"Filling up the DagBag from /opt/airflow/dags/2.SegundaDag.py","logger":"airflow.models.dagbag.DagBag","filename":"dagbag.py","lineno":593}
{"timestamp":"2026-09-02T14:29:51.850933Z","level":"warning","event":"The `airflow.operators.bash.BashOperator` attribute is deprecated. Please use `'airflow.providers.standard.operators.bash.BashOperator'`.","category":"DeprecatedImportWarning","filename":"/opt/airflow/dags/2.SegundaDag.py","lineno":3,"logger":"py.warnings"}
{"timestamp":"2026-09-02T14:29:57.707841Z","level":"info","event":"Filling up the DagBag from /opt/airflow/dags/2.SegundaDag.py","logger":"airflow.models.dagbag.DagBag","filename":"dagbag.py","lineno":593}
{"timestamp":"2026-09-02T14:29:57.784319Z","level":"warning","event":"The `airflow.operators.bash.BashOperator` attribute is deprecated. Please use `'airflow.providers.standard.operators.bash.BashOperator'`.","category":"DeprecatedImportWarning","filename":"/opt/airflow/dags/2.SegundaDag.py","lineno":3,"logger":"py.warnings"}
{"timestamp":"2026-09-02T14:30:03.714315Z","level":"info","event":"Filling up the DagBag from /opt/airflow/dags/2.SegundaDag.py","logger":"airflow.models.dagbag.DagBag","filename":"dagbag.py","lineno":593}
{"timestamp":"2026-09-02T14:30:03.782548Z","level":"warning","event":"The `airflow.operators.bash.BashOperator` attribute is deprecated. Please use `'airflow.providers.standard.operators.bash.BashOperator'`.","category":"DeprecatedImportWarning","filename":"/opt/airflow/dags/2.SegundaDag.py","lineno":3,"logger":"py.warnings"}
{"timestamp":"2026-09-02T14:30:09.374536Z","level":"info","event":"Filling up the DagBag from /opt/airflow/dags/2.SegundaDag.py","logger":"airflow.models.dagbag.DagBag","filename":"dagbag.py","lineno":593}
{"timestamp":"2026-09-02T14:30:09.440068Z","level":"warning","event":"The `airflow.operators.bash.BashOperator` attribute is deprecated. Please use `'airflow.providers.standard.operators.bash.BashOperator'`.","category":"DeprecatedImportWarning","filename":"/opt/airflow/dags/2.SegundaDag.py","lineno":3,"logger":"py.warnings"}
{"timestamp":"2026-09-02T14:30:15.220171Z","level":"info","event":"Filling up the DagBag from /opt/airflow/dags/2.SegundaDag.py","logger":"airflow.models.dagbag.DagBag","filename":"dagbag.py","lineno":593}
{"timestamp":"2026-09-02T14:30:15.401932Z","level":"warning","event":"The `airflow.operators.bash.BashOperator` attribute is deprecated. Please use `'airflow.providers.standard.operators.bash.BashOperator'`.","category":"DeprecatedImportWarning","filename":"/opt/airflow/dags/2.SegundaDag.py","lineno":3,"logger":"py.warnings"}
{"timestamp":"2026-09-02T14:30:21.140122Z","level":"info","event":"Filling up the DagBag from /opt/airflow/dags/2.SegundaDag.py","logger":"airflow.models.dagbag.DagBag","filename":"dagbag.py","lineno":593}
{"timestamp":"2026-09-02T14:30:21.211050Z","level":"warning","event":"The `airflow.operators.bash.BashOperator` attribute is deprecated. Please use `'airflow.providers.standard.operators.bash.BashOperator'`.","category":"DeprecatedImportWarning","filename":"/opt/airflow/dags/2.SegundaDag.py","lineno":3,"logger":"py.warnings"}
{"timestamp":"2026-09-02T14:30:27.214171Z","level":"info","event":"Filling up the DagBag from /opt/airflow/dags/2.SegundaDag.py","logger":"airflow.models.dagbag.DagBag","filename":"dagbag.py","lineno":593}
{"timestamp":"2026-09-02T14:30:27.278789Z","level":"warning","event":"The `airflow.operators.bash.BashOperator` attribute is deprecated. Please use `'airflow.providers.standard.operators.bash.BashOperator'`.","category":"DeprecatedImportWarning","filename":"/opt/airflow/dags/2.SegundaDag.py","lineno":3,"logger":"py.warnings"}
{"timestamp":"2026-09-02T14:30:33.154393Z","level":"info","event":"Filling up the DagBag from /opt/airflow/dags/2.SegundaDag.py","logger":"airflow.models.dagbag.DagBag","filename":"dagbag.py","lineno":593}
{"timestamp":"2026-09-02T14:30:33.651279Z","level":"warning","event":"The `airflow.operators.bash.BashOperator` attribute is deprecated. Please use `'airflow.providers.standard.operators.bash.BashOperator'`.","category":"DeprecatedImportWarning","filename":"/opt/airflow/dags/2.SegundaDag.py","lineno":3,"logger":"py.warnings"}
{"timestamp":"2026-09-02T14:30:39.294477Z","level":"info","event":"Filling up the DagBag from /opt/airflow/dags/2.SegundaDag.py","logger":"airflow.models.dagbag.DagBag","filename":"dagbag.py","lineno":593}
{"timestamp":"2026-09-02T14:30:39.383854Z","level":"warning","event":"The `airflow.operators.bash.BashOperator` attribute is deprecated. Please use `'airflow.providers.standard.operators.bash.BashOperator'`.","category":"DeprecatedImportWarning","filename":"/opt/airflow/dags/2.SegundaDag.py","lineno":3,"logger":"py.warnings"}
{"timestamp":"2026-09-02T14:30:44.588364Z","level":"info","event":"Filling up the DagBag from /opt/airflow/dags/2.SegundaDag.py","logger":"airflow.models.dagbag.DagBag","filename":"dagbag.py","lineno":593}
{"timestamp":"2026-09-02T14:30:44.632737Z","level":"warning","event":"The `airflow.operators.bash.BashOperator` attribute is deprecated. Please use `'airflow.providers.standard.operators.bash.BashOperator'`.","category":"DeprecatedImportWarning","filename":"/opt/airflow/dags/2.SegundaDag.py","lineno":3,"logger":"py.warnings"}
{"timestamp":"2026-09-02T14:30:50.286621Z","level":"info","event":"Filling up the DagBag from /opt/airflow/dags/2.SegundaDag.py","logger":"airflow.models.dagbag.DagBag","filename":"dagbag.py","lineno":593}
{"timestamp":"2026-09-02T14:30:50.359711Z","level":"warning","event":"The `airflow.operators.bash.BashOperator` attribute is deprecated. Please use `'airflow.providers.standard.operators.bash.BashOperator'`.","category":"DeprecatedImportWarning","filename":"/opt/airflow/dags/2.SegundaDag.py","lineno":3,"logger":"py.warnings"}
{"timestamp":"2026-09-02T14:30:55.752049Z","level":"info","event":"Filling up the DagBag from /opt/airflow/dags/2.SegundaDag.py","logger":"airflow.models.dagbag.DagBag","filename":"dagbag.py","lineno":593}
{"timestamp":"2026-09-02T14:30:55.864315Z","level":"warning","event":"The `airflow.operators.bash.BashOperator` attribute is deprecated. Please use `'airflow.providers.standard.operators.bash.BashOperator'`.","category":"DeprecatedImportWarning","filename":"/opt/airflow/dags/2.SegundaDag.py","lineno":3,"logger":"py.warnings"}
{"timestamp":"2026-09-02T14:31:02.346397Z","level":"info","event":"Filling up the DagBag from /opt/airflow/dags/2.SegundaDag.py","logger":"airflow.models.dagbag.DagBag","filename":"dagbag.py","lineno":593}
{"timestamp":"2026-09-02T14:31:03.983160Z","level":"warning","event":"The `airflow.operators.bash.BashOperator` attribute is deprecated. Please use `'airflow.providers.standard.operators.bash.BashOperator'`.","category":"DeprecatedImportWarning","filename":"/opt/airflow/dags/2.SegundaDag.py","lineno":3,"logger":"py.warnings"}
{"timestamp":"2026-09-02T14:31:10.147694Z","level":"info","event":"Filling up the DagBag from /opt/airflow/dags/2.SegundaDag.py","logger":"airflow.models.dagbag.DagBag","filename":"dagbag.py","lineno":593}
{"timestamp":"2026-09-02T14:31:10.321482Z","level":"warning","event":"The `airflow.operators.bash.BashOperator` attribute is deprecated. Please use `'airflow.providers.standard.operators.bash.BashOperator'`.","category":"DeprecatedImportWarning","filename":"/opt/airflow/dags/2.SegundaDag.py","lineno":3,"logger":"py.warnings"}
{"timestamp":"2026-09-02T14:31:11.996101Z","level":"info","event":"Filling up the DagBag from /opt/airflow/dags/2.SegundaDag.py","logger":"airflow.models.dagbag.DagBag","filename":"dagbag.py","lineno":593}
{"timestamp":"2026-09-02T14:31:12.063941Z","level":"error","event":"Failed to import: /opt/airflow/dags/2.SegundaDag.py","logger":"airflow.models.dagbag.DagBag","filename":"dagbag.py","lineno":415,"error_detail":[{"exc_type":"SyntaxError","exc_value":"invalid syntax (2.SegundaDag.py, line 22)","exc_notes":[],"syntax_error":{"offset":8,"filename":"/opt/airflow/dags/2.SegundaDag.py","line":"Quando uma DAG/tarefa dispara ou se ramifica para duas ou mais tarefas em paralelo:\n","lineno":22,"msg":"invalid syntax"},"is_cause":false,"frames":[{"filename":"/home/airflow/.local/lib/python3.12/site-packages/airflow/models/dagbag.py","lineno":405,"name":"parse"},{"filename":"<frozen importlib._bootstrap_external>","lineno":995,"name":"exec_module"},{"filename":"<frozen importlib._bootstrap_external>","lineno":1133,"name":"get_code"},{"filename":"<frozen importlib._bootstrap_external>","lineno":1063,"name":"source_to_code"},{"filename":"<frozen importlib._bootstrap>","lineno":488,"name":"_call_with_frames_removed"}],"is_group":false,"exceptions":[]}]}
{"timestamp":"2026-09-02T14:31:16.648767Z","level":"info","event":"Filling up the DagBag from /opt/airflow/dags/2.SegundaDag.py","logger":"airflow.models.dagbag.DagBag","filename":"dagbag.py","lineno":593}
{"timestamp":"2026-09-02T14:31:16.734109Z","level":"error","event":"Failed to import: /opt/airflow/dags/2.SegundaDag.py","logger":"airflow.models.dagbag.DagBag","filename":"dagbag.py","lineno":415,"error_detail":[{"exc_type":"SyntaxError","exc_value":"invalid syntax (2.SegundaDag.py, line 21)","exc_notes":[],"syntax_error":{"offset":12,"filename":"/opt/airflow/dags/2.SegundaDag.py","line":"    Quando uma DAG/tarefa dispara ou se ramifica para duas ou mais tarefas em paralelo:\n","lineno":21,"msg":"invalid syntax"},"is_cause":false,"frames":[{"filename":"/home/airflow/.local/lib/python3.12/site-packages/airflow/models/dagbag.py","lineno":405,"name":"parse"},{"filename":"<frozen importlib._bootstrap_external>","lineno":995,"name":"exec_module"},{"filename":"<frozen importlib._bootstrap_external>","lineno":1133,"name":"get_code"},{"filename":"<frozen importlib._bootstrap_external>","lineno":1063,"name":"source_to_code"},{"filename":"<frozen importlib._bootstrap>","lineno":488,"name":"_call_with_frames_removed"}],"is_group":false,"exceptions":[]}]}
{"timestamp":"2026-09-02T14:31:19.017148Z","level":"info","event":"Filling up the DagBag from /opt/airflow/dags/2.SegundaDag.py","logger":"airflow.models.dagbag.DagBag","filename":"dagbag.py","lineno":593}
{"timestamp":"2026-09-02T14:31:19.086159Z","level":"error","event":"Failed to import: /opt/airflow/dags/2.SegundaDag.py","logger":"airflow.models.dagbag.DagBag","filename":"dagbag.py","lineno":415,"error_detail":[{"exc_type":"SyntaxError","exc_value":"invalid syntax (2.SegundaDag.py, line 21)","exc_notes":[],"syntax_error":{"offset":12,"filename":"/opt/airflow/dags/2.SegundaDag.py","line":"    Quando uma DAG/tarefa dispara ou se ramifica para duas ou mais tarefas em paralelo:\n","lineno":21,"msg":"invalid syntax"},"is_cause":false,"frames":[{"filename":"/home/airflow/.local/lib/python3.12/site-packages/airflow/models/dagbag.py","lineno":405,"name":"parse"},{"filename":"<frozen importlib._bootstrap_external>","lineno":995,"name":"exec_module"},{"filename":"<frozen importlib._bootstrap_external>","lineno":1133,"name":"get_code"},{"filename":"<frozen importlib._bootstrap_external>","lineno":1063,"name":"source_to_code"},{"filename":"<frozen importlib._bootstrap>","lineno":488,"name":"_call_with_frames_removed"}],"is_group":false,"exceptions":[]}]}
{"timestamp":"2026-09-02T14:31:20.921821Z","level":"info","event":"Filling up the DagBag from /opt/airflow/dags/2.SegundaDag.py","logger":"airflow.models.dagbag.DagBag","filename":"dagbag.py","lineno":593}
{"timestamp":"2026-09-02T14:31:21.140583Z","level":"warning","event":"The `airflow.operators.bash.BashOperator` attribute is deprecated. Please use `'airflow.providers.standard.operators.bash.BashOperator'`.","category":"DeprecatedImportWarning","filename":"/opt/airflow/dags/2.SegundaDag.py","lineno":3,"logger":"py.warnings"}
{"timestamp":"2026-09-02T14:31:24.583679Z","level":"info","event":"Filling up the DagBag from /opt/airflow/dags/2.SegundaDag.py","logger":"airflow.models.dagbag.DagBag","filename":"dagbag.py","lineno":593}
{"timestamp":"2026-09-02T14:31:24.788235Z","level":"warning","event":"The `airflow.operators.bash.BashOperator` attribute is deprecated. Please use `'airflow.providers.standard.operators.bash.BashOperator'`.","category":"DeprecatedImportWarning","filename":"/opt/airflow/dags/2.SegundaDag.py","lineno":3,"logger":"py.warnings"}
{"timestamp":"2026-09-02T14:31:27.486142Z","level":"info","event":"Filling up the DagBag from /opt/airflow/dags/2.SegundaDag.py","logger":"airflow.models.dagbag.DagBag","filename":"dagbag.py","lineno":593}
{"timestamp":"2026-09-02T14:31:28.040125Z","level":"warning","event":"The `airflow.operators.bash.BashOperator` attribute is deprecated. Please use `'airflow.providers.standard.operators.bash.BashOperator'`.","category":"DeprecatedImportWarning","filename":"/opt/airflow/dags/2.SegundaDag.py","lineno":3,"logger":"py.warnings"}
{"timestamp":"2026-09-02T14:31:36.994629Z","level":"info","event":"Filling up the DagBag from /opt/airflow/dags/2.SegundaDag.py","logger":"airflow.models.dagbag.DagBag","filename":"dagbag.py","lineno":593}
{"timestamp":"2026-09-02T14:31:37.410231Z","level":"warning","event":"The `airflow.operators.bash.BashOperator` attribute is deprecated. Please use `'airflow.providers.standard.operators.bash.BashOperator'`.","category":"DeprecatedImportWarning","filename":"/opt/airflow/dags/2.SegundaDag.py","lineno":3,"logger":"py.warnings"}
{"timestamp":"2026-09-02T14:31:44.094439Z","level":"info","event":"Filling up the DagBag from /opt/airflow/dags/2.SegundaDag.py","logger":"airflow.models.dagbag.DagBag","filename":"dagbag.py","lineno":593}
{"timestamp":"2026-09-02T14:31:44.266692Z","level":"warning","event":"The `airflow.operators.bash.BashOperator` attribute is deprecated. Please use `'airflow.providers.standard.operators.bash.BashOperator'`.","category":"DeprecatedImportWarning","filename":"/opt/airflow/dags/2.SegundaDag.py","lineno":3,"logger":"py.warnings"}
{"timestamp":"2026-09-02T14:31:50.044641Z","level":"info","event":"Filling up the DagBag from /opt/airflow/dags/2.SegundaDag.py","logger":"airflow.models.dagbag.DagBag","filename":"dagbag.py","lineno":593}
{"timestamp":"2026-09-02T14:31:50.224767Z","level":"warning","event":"The `airflow.operators.bash.BashOperator` attribute is deprecated. Please use `'airflow.providers.standard.operators.bash.BashOperator'`.","category":"DeprecatedImportWarning","filename":"/opt/airflow/dags/2.SegundaDag.py","lineno":3,"logger":"py.warnings"}
{"timestamp":"2026-09-02T14:31:56.362129Z","level":"info","event":"Filling up the DagBag from /opt/airflow/dags/2.SegundaDag.py","logger":"airflow.models.dagbag.DagBag","filename":"dagbag.py","lineno":593}
{"timestamp":"2026-09-02T14:31:56.892536Z","level":"warning","event":"The `airflow.operators.bash.BashOperator` attribute is deprecated. Please use `'airflow.providers.standard.operators.bash.BashOperator'`.","category":"DeprecatedImportWarning","filename":"/opt/airflow/dags/2.SegundaDag.py","lineno":3,"logger":"py.warnings"}
{"timestamp":"2026-09-02T14:32:08.359545Z","level":"info","event":"Filling up the DagBag from /opt/airflow/dags/2.SegundaDag.py","logger":"airflow.models.dagbag.DagBag","filename":"dagbag.py","lineno":593}
{"timestamp":"2026-09-02T14:32:08.931880Z","level":"warning","event":"The `airflow.operators.bash.BashOperator` attribute is deprecated. Please use `'airflow.providers.standard.operators.bash.BashOperator'`.","category":"DeprecatedImportWarning","filename":"/opt/airflow/dags/2.SegundaDag.py","lineno":3,"logger":"py.warnings"}
{"timestamp":"2026-09-02T14:32:18.611834Z","level":"info","event":"Filling up the DagBag from /opt/airflow/dags/2.SegundaDag.py","logger":"airflow.models.dagbag.DagBag","filename":"dagbag.py","lineno":593}
{"timestamp":"2026-09-02T14:32:18.857157Z","level":"warning","event":"The `airflow.operators.bash.BashOperator` attribute is deprecated. Please use `'airflow.providers.standard.operators.bash.BashOperator'`.","category":"DeprecatedImportWarning","filename":"/opt/airflow/dags/2.SegundaDag.py","lineno":3,"logger":"py.warnings"}
{"timestamp":"2026-09-02T14:32:25.972322Z","level":"info","event":"Filling up the DagBag from /opt/airflow/dags/2.SegundaDag.py","logger":"airflow.models.dagbag.DagBag","filename":"dagbag.py","lineno":593}
{"timestamp":"2026-09-02T14:32:26.198506Z","level":"warning","event":"The `airflow.operators.bash.BashOperator` attribute is deprecated. Please use `'airflow.providers.standard.operators.bash.BashOperator'`.","category":"DeprecatedImportWarning","filename":"/opt/airflow/dags/2.SegundaDag.py","lineno":3,"logger":"py.warnings"}
{"timestamp":"2026-09-02T14:32:31.865477Z","level":"info","event":"Filling up the DagBag from /opt/airflow/dags/2.SegundaDag.py","logger":"airflow.models.dagbag.DagBag","filename":"dagbag.py","lineno":593}
{"timestamp":"2026-09-02T14:32:32.604702Z","level":"warning","event":"The `airflow.operators.bash.BashOperator` attribute is deprecated. Please use `'airflow.providers.standard.operators.bash.BashOperator'`.","category":"DeprecatedImportWarning","filename":"/opt/airflow/dags/2.SegundaDag.py","lineno":3,"logger":"py.warnings"}
{"timestamp":"2026-09-02T14:32:40.079096Z","level":"info","event":"Filling up the DagBag from /opt/airflow/dags/2.SegundaDag.py","logger":"airflow.models.dagbag.DagBag","filename":"dagbag.py","lineno":593}
{"timestamp":"2026-09-02T14:32:41.448069Z","level":"warning","event":"The `airflow.operators.bash.BashOperator` attribute is deprecated. Please use `'airflow.providers.standard.operators.bash.BashOperator'`.","category":"DeprecatedImportWarning","filename":"/opt/airflow/dags/2.SegundaDag.py","lineno":3,"logger":"py.warnings"}
{"timestamp":"2026-09-02T14:32:47.938421Z","level":"info","event":"Filling up the DagBag from /opt/airflow/dags/2.SegundaDag.py","logger":"airflow.models.dagbag.DagBag","filename":"dagbag.py","lineno":593}
{"timestamp":"2026-09-02T14:32:48.065445Z","level":"warning","event":"The `airflow.operators.bash.BashOperator` attribute is deprecated. Please use `'airflow.providers.standard.operators.bash.BashOperator'`.","category":"DeprecatedImportWarning","filename":"/opt/airflow/dags/2.SegundaDag.py","lineno":3,"logger":"py.warnings"}
{"timestamp":"2026-09-02T14:32:54.133494Z","level":"info","event":"Filling up the DagBag from /opt/airflow/dags/2.SegundaDag.py","logger":"airflow.models.dagbag.DagBag","filename":"dagbag.py","lineno":593}
{"timestamp":"2026-09-02T14:32:54.230538Z","level":"warning","event":"The `airflow.operators.bash.BashOperator` attribute is deprecated. Please use `'airflow.providers.standard.operators.bash.BashOperator'`.","category":"DeprecatedImportWarning","filename":"/opt/airflow/dags/2.SegundaDag.py","lineno":3,"logger":"py.warnings"}
{"timestamp":"2026-09-02T14:32:59.802439Z","level":"info","event":"Filling up the DagBag from /opt/airflow/dags/2.SegundaDag.py","logger":"airflow.models.dagbag.DagBag","filename":"dagbag.py","lineno":593}
{"timestamp":"2026-09-02T14:32:59.887439Z","level":"warning","event":"The `airflow.operators.bash.BashOperator` attribute is deprecated. Please use `'airflow.providers.standard.operators.bash.BashOperator'`.","category":"DeprecatedImportWarning","filename":"/opt/airflow/dags/2.SegundaDag.py","lineno":3,"logger":"py.warnings"}
{"timestamp":"2026-09-02T14:33:05.601593Z","level":"info","event":"Filling up the DagBag from /opt/airflow/dags/2.SegundaDag.py","logger":"airflow.models.dagbag.DagBag","filename":"dagbag.py","lineno":593}
{"timestamp":"2026-09-02T14:33:05.948819Z","level":"warning","event":"The `airflow.operators.bash.BashOperator` attribute is deprecated. Please use `'airflow.providers.standard.operators.bash.BashOperator'`.","category":"DeprecatedImportWarning","filename":"/opt/airflow/dags/2.SegundaDag.py","lineno":3,"logger":"py.warnings"}
{"timestamp":"2026-09-02T14:33:12.401757Z","level":"info","event":"Filling up the DagBag from /opt/airflow/dags/2.SegundaDag.py","logger":"airflow.models.dagbag.DagBag","filename":"dagbag.py","lineno":593}
{"timestamp":"2026-09-02T14:33:12.517211Z","level":"warning","event":"The `airflow.operators.bash.BashOperator` attribute is deprecated. Please use `'airflow.providers.standard.operators.bash.BashOperator'`.","category":"DeprecatedImportWarning","filename":"/opt/airflow/dags/2.SegundaDag.py","lineno":3,"logger":"py.warnings"}
{"timestamp":"2026-09-02T14:33:18.597384Z","level":"info","event":"Filling up the DagBag from /opt/airflow/dags/2.SegundaDag.py","logger":"airflow.models.dagbag.DagBag","filename":"dagbag.py","lineno":593}
{"timestamp":"2026-09-02T14:33:18.947949Z","level":"warning","event":"The `airflow.operators.bash.BashOperator` attribute is deprecated. Please use `'airflow.providers.standard.operators.bash.BashOperator'`.","category":"DeprecatedImportWarning","filename":"/opt/airflow/dags/2.SegundaDag.py","lineno":3,"logger":"py.warnings"}
{"timestamp":"2026-09-02T14:33:24.936809Z","level":"info","event":"Filling up the DagBag from /opt/airflow/dags/2.SegundaDag.py","logger":"airflow.models.dagbag.DagBag","filename":"dagbag.py","lineno":593}
{"timestamp":"2026-09-02T14:33:25.121039Z","level":"warning","event":"The `airflow.operators.bash.BashOperator` attribute is deprecated. Please use `'airflow.providers.standard.operators.bash.BashOperator'`.","category":"DeprecatedImportWarning","filename":"/opt/airflow/dags/2.SegundaDag.py","lineno":3,"logger":"py.warnings"}
{"timestamp":"2026-09-02T14:33:30.860535Z","level":"info","event":"Filling up the DagBag from /opt/airflow/dags/2.SegundaDag.py","logger":"airflow.models.dagbag.DagBag","filename":"dagbag.py","lineno":593}
{"timestamp":"2026-09-02T14:33:30.938831Z","level":"warning","event":"The `airflow.operators.bash.BashOperator` attribute is deprecated. Please use `'airflow.providers.standard.operators.bash.BashOperator'`.","category":"DeprecatedImportWarning","filename":"/opt/airflow/dags/2.SegundaDag.py","lineno":3,"logger":"py.warnings"}
{"timestamp":"2026-09-02T14:33:37.036394Z","level":"info","event":"Filling up the DagBag from /opt/airflow/dags/2.SegundaDag.py","logger":"airflow.models.dagbag.DagBag","filename":"dagbag.py","lineno":593}
{"timestamp":"2026-09-02T14:33:37.147927Z","level":"warning","event":"The `airflow.operators.bash.BashOperator` attribute is deprecated. Please use `'airflow.providers.standard.operators.bash.BashOperator'`.","category":"DeprecatedImportWarning","filename":"/opt/airflow/dags/2.SegundaDag.py","lineno":3,"logger":"py.warnings"}
